// Jest Snapshot v1, https://goo.gl/fbAQLP

exports[`<NavLinks /> Should match snapshot 1`] = `
.c0 {
  display: -webkit-box;
  display: -webkit-flex;
  display: -ms-flexbox;
  display: flex;
  -webkit-flex-flow: row wrap;
  -ms-flex-flow: row wrap;
  flex-flow: row wrap;
}

.c1 {
  display: block;
  -webkit-text-decoration: none;
  text-decoration: none;
  font-size: 1.6rem;
  padding: 1.6rem;
  color: #0a1128;
  position: relative;
}

.c1::after {
  content: '';
  position: absolute;
  bottom: 0;
  left: 50%;
  width: 0;
  height: 0.2rem;
  background-color: #dc143c;
  -webkit-transition: all 0.3s ease-in-out;
  transition: all 0.3s ease-in-out;
}

.c1:hover::after {
  left: 25%;
  width: 50%;
}

@media (max-width:768px) {
  .c0 {
    -webkit-flex-flow: column wrap;
    -ms-flex-flow: column wrap;
    flex-flow: column wrap;
    -webkit-align-content: center;
    -ms-flex-line-pack: center;
    align-content: center;
  }
}

<nav
  aria-label="Main menu"
  class="c0"
>
  <a
    class="c1"
    href="/home"
    target="_blank"
  >
    Home
  </a>
  <a
    class="c1"
    href="/about"
    target="_blank"
  >
    About
  </a>
  <a
    class="c1"
    href="/favorite"
    target="_blank"
  >
    Favorite
  </a>
</nav>
`;
