// Jest Snapshot v1, https://goo.gl/fbAQLP

exports[`<GridText /> Should render with background 1`] = `
.c4 {
  color: #0a1128;
  font-size: 5.6rem;
  text-transform: uppercase;
}

.c9 {
  color: #0a1128;
  font-size: 3.2rem;
  text-transform: none;
}

.c6 {
  font-size: 2.4rem;
}

.c2 .c5 {
  margin-bottom: 3.2rem;
}

.c7 {
  counter-reset: grid-counter;
  display: grid;
  grid-template-columns: repeat(auto-fill,minmax(280px,1fr));
  gap: 3.2rem;
}

.c8 .c3 {
  position: relative;
  left: 5rem;
}

.c8 .c3::before {
  counter-increment: grid-counter;
  content: counter(grid-counter);
  position: absolute;
  font-size: 6.4rem;
  top: -3rem;
  left: -5rem;
  -webkit-transform: rotate(5deg);
  -ms-transform: rotate(5deg);
  transform: rotate(5deg);
}

.c0 {
  background: #fff;
  color: #0a1128;
  min-height: 100vh;
  display: -webkit-box;
  display: -webkit-flex;
  display: -ms-flexbox;
  display: flex;
  -webkit-align-items: center;
  -webkit-box-align: center;
  -ms-flex-align: center;
  align-items: center;
}

.c1 {
  max-width: 120rem;
  margin: 0 auto;
  padding: 3.2rem;
}

@media (max-width:768px) {
  .c4 {
    font-size: 4rem;
  }
}

<div>
  <div
    class="c0"
  >
    <div
      class="c1"
    >
      <div
        class="c2"
      >
        <div>
          <h2
            class="c3 c4"
          >
            My grid
          </h2>
        </div>
        <div
          class="c5 c6"
        >
          You’ve probably heard of Lorem Ipsum before – it’s the most-use
        </div>
        <div
          class="c7"
        >
          <div
            class="c8"
          >
            <div>
              <h3
                class="c3 c9"
              >
                Test 1
              </h3>
            </div>
            <div
              class="c5 c6"
            >
              You’ve probably heard of Lorem Ipsum before – it’s the most-used dummy 
            text excerpt out there. People use it because it has a fairly normal distribution of 
            letters and words (making it look like normal English), but it’s also Latin, which 
            means your average reader won’t get distracted by trying to read it. It’s perfect for .
            </div>
          </div>
          <div
            class="c8"
          >
            <div>
              <h3
                class="c3 c9"
              >
                Test 2
              </h3>
            </div>
            <div
              class="c5 c6"
            >
              You’ve probably heard of Lorem Ipsum before – it’s the most-used dummy 
            text excerpt out there. People use it because it has a fairly normal distribution of 
            letters and words (making it look like normal English), but it’s also Latin, which 
            means your average reader won’t get distracted by trying to read it. It’s perfect for .
            </div>
          </div>
          <div
            class="c8"
          >
            <div>
              <h3
                class="c3 c9"
              >
                Test 3
              </h3>
            </div>
            <div
              class="c5 c6"
            >
              You’ve probably heard of Lorem Ipsum before – it’s the most-used dummy 
            text excerpt out there. People use it because it has a fairly normal distribution of 
            letters and words (making it look like normal English), but it’s also Latin, which 
            means your average reader won’t get distracted by trying to read it. It’s perfect for .
            </div>
          </div>
        </div>
      </div>
    </div>
  </div>
</div>
`;

exports[`<GridText /> Should render without background 1`] = `
.c4 {
  color: #0a1128;
  font-size: 5.6rem;
  text-transform: uppercase;
}

.c9 {
  color: #0a1128;
  font-size: 3.2rem;
  text-transform: none;
}

.c6 {
  font-size: 2.4rem;
}

.c2 .c5 {
  margin-bottom: 3.2rem;
}

.c7 {
  counter-reset: grid-counter;
  display: grid;
  grid-template-columns: repeat(auto-fill,minmax(280px,1fr));
  gap: 3.2rem;
}

.c8 .c3 {
  position: relative;
  left: 5rem;
}

.c8 .c3::before {
  counter-increment: grid-counter;
  content: counter(grid-counter);
  position: absolute;
  font-size: 6.4rem;
  top: -3rem;
  left: -5rem;
  -webkit-transform: rotate(5deg);
  -ms-transform: rotate(5deg);
  transform: rotate(5deg);
}

.c0 {
  background: #fff;
  color: #0a1128;
  min-height: 100vh;
  display: -webkit-box;
  display: -webkit-flex;
  display: -ms-flexbox;
  display: flex;
  -webkit-align-items: center;
  -webkit-box-align: center;
  -ms-flex-align: center;
  align-items: center;
}

.c1 {
  max-width: 120rem;
  margin: 0 auto;
  padding: 3.2rem;
}

@media (max-width:768px) {
  .c4 {
    font-size: 4rem;
  }
}

<div>
  <div
    class="c0"
  >
    <div
      class="c1"
    >
      <div
        class="c2"
      >
        <div>
          <h2
            class="c3 c4"
          >
            My grid
          </h2>
        </div>
        <div
          class="c5 c6"
        >
          You’ve probably heard of Lorem Ipsum before – it’s the most-use
        </div>
        <div
          class="c7"
        >
          <div
            class="c8"
          >
            <div>
              <h3
                class="c3 c9"
              >
                Test 1
              </h3>
            </div>
            <div
              class="c5 c6"
            >
              You’ve probably heard of Lorem Ipsum before – it’s the most-used dummy 
            text excerpt out there. People use it because it has a fairly normal distribution of 
            letters and words (making it look like normal English), but it’s also Latin, which 
            means your average reader won’t get distracted by trying to read it. It’s perfect for .
            </div>
          </div>
          <div
            class="c8"
          >
            <div>
              <h3
                class="c3 c9"
              >
                Test 2
              </h3>
            </div>
            <div
              class="c5 c6"
            >
              You’ve probably heard of Lorem Ipsum before – it’s the most-used dummy 
            text excerpt out there. People use it because it has a fairly normal distribution of 
            letters and words (making it look like normal English), but it’s also Latin, which 
            means your average reader won’t get distracted by trying to read it. It’s perfect for .
            </div>
          </div>
          <div
            class="c8"
          >
            <div>
              <h3
                class="c3 c9"
              >
                Test 3
              </h3>
            </div>
            <div
              class="c5 c6"
            >
              You’ve probably heard of Lorem Ipsum before – it’s the most-used dummy 
            text excerpt out there. People use it because it has a fairly normal distribution of 
            letters and words (making it look like normal English), but it’s also Latin, which 
            means your average reader won’t get distracted by trying to read it. It’s perfect for .
            </div>
          </div>
        </div>
      </div>
    </div>
  </div>
</div>
`;
