// Jest Snapshot v1, https://goo.gl/fbAQLP

exports[`<GridTwoColumn /> Should render grid with two columns grid 1`] = `
.c5 {
  color: #0a1128;
  font-size: 3.2rem;
  text-transform: uppercase;
}

.c2 {
  display: grid;
  grid-template-columns: 1fr 2fr;
  -webkit-align-items: center;
  -webkit-box-align: center;
  -ms-flex-align: center;
  align-items: center;
  gap: 3.2rem;
}

.c2 .c4 {
  margin-bottom: 3.2rem;
}

.c0 {
  background: #fff;
  color: #0a1128;
  min-height: 100vh;
  display: -webkit-box;
  display: -webkit-flex;
  display: -ms-flexbox;
  display: flex;
  -webkit-align-items: center;
  -webkit-box-align: center;
  -ms-flex-align: center;
  align-items: center;
}

.c1 {
  max-width: 120rem;
  margin: 0 auto;
  padding: 3.2rem;
}

.c6 {
  font-size: 2.4rem;
}

@media (max-width:768px) {
  .c2 {
    grid-template-columns: 1fr;
    text-align: center;
  }
}

@media (max-width:768px) {
  .c3 {
    margin-bottom: 3.2rem;
  }
}

<div>
  <div
    class="c0"
  >
    <div
      class="c1"
    >
      <div
        class="c2"
      >
        <div
          class="c3"
        >
          <div>
            <h2
              class="c4 c5"
            >
              Essa é a GridTwoColumn
            </h2>
          </div>
          <p
            class="c6"
          >
            Lorem ipsum dolor sit amet consectetur adipisicing elit. 
    Accusantium commodi, vero quis
     atque architecto minus debitis nobis
     harum amet, illo, saepe enim velit eum a eveniet id aut totam quas.
          </p>
        </div>
        <div
          class=""
        >
          <img
            alt="Essa é a GridTwoColumn"
            class=""
            src="assets/images/javascript.svg"
          />
        </div>
      </div>
    </div>
  </div>
</div>
`;
